| adapter | mercury-agent | mercury-agent-ts |
| chain | create_file | writeFileSync |
| chain | delegate_task | generateText.tools |
| chain | fetch_url | fetch |
| chain | github_api | fetch |
| chain | install_skill | fetch |
| chain | install_skill | writeFileSync |
| chain | read_file | readFileSync |
| chain | run_command | askHandler |
| chain | run_command | child_process.spawn |
| facet | content | writeFileSync |
| facet | path | writeFileSync |
| handler | create_file | src/capabilities/filesystem/create-file.ts |
| handler | delegate_task | src/capabilities/subagents/delegate-task.ts |
| handler | fetch_url | src/capabilities/web/fetch-url.ts |
| handler | github_api | src/capabilities/github/github-api.ts |
| handler | install_skill | src/capabilities/skills/install-skill.ts |
| handler | read_file | src/capabilities/filesystem/read-file.ts |
| handler | run_command | src/capabilities/shell/run-command.ts |
| shared-sink | unregistered-handler | three-primitives-detected |
| sink | askHandler | src/capabilities/permissions.ts |
| sink | child_process.spawn | src/capabilities/shell/run-command.ts |
| sink | fetch | src/capabilities/skills/install-skill.ts |
| sink | fetch | src/capabilities/web/fetch-url.ts |
| sink | fetch | src/utils/github.ts |
| sink | generateText.tools | src/core/sub-agent.ts |
| sink | readFileSync | src/capabilities/filesystem/read-file.ts |
| sink | readFileSync | src/unrelated.ts |
| sink | spawn | src/unrelated.ts |
| sink | writeFileSync | src/capabilities/filesystem/create-file.ts |
| sink | writeFileSync | src/skills/loader.ts |
| sink | writeFileSync | src/unrelated.ts |
