| adapter | chatgpt-on-wechat | cowagent |
| edge | action-map | BrowserTool.execute->BrowserTool._do_navigate |
| edge | browser-service | BrowserTool._do_navigate->BrowserService.navigate |
| edge | submit-callback | BrowserService.navigate->BrowserService._do_navigate |
| handler | bash | Bash.execute |
| handler | browser | BrowserTool.execute |
| handler | read | Read.execute |
| handler | vision | Vision.execute |
| negative | transform-near-misses | absent |
| negative | transform-wrong-callsite | absent |
| registration | bash | BaseTool-subclass.execute |
| registration | browser | BaseTool-subclass.execute |
| registration | read | BaseTool-subclass.execute |
| registration | vision | BaseTool-subclass.execute |
| taint | bash | process |
| taint | browser | browser |
| taint | read | file |
| taint | vision | network |
| transform-flow | read | agent/tools/read/read.py::Read._resolve_path:sink-transform->file |
| transform-signature | _resolve_path | agent/tools/read/read.py::Read._resolve_path:sink-transform |
