| adapter | codeg | codeg-ts |
| chain | claude_code | getTransport.call:acp_prompt |
| chain | cline | getTransport.call:acp_prompt |
| chain | codex | getTransport.call:acp_prompt |
| chain | gemini | getTransport.call:acp_prompt |
| chain | hermes | getTransport.call:acp_prompt |
| chain | open_claw | getTransport.call:acp_prompt |
| chain | open_code | getTransport.call:acp_prompt |
| handler | claude_code | src/lib/api.ts |
| handler | cline | src/lib/api.ts |
| handler | codex | src/lib/api.ts |
| handler | gemini | src/lib/api.ts |
| handler | hermes | src/lib/api.ts |
| handler | open_claw | src/lib/api.ts |
| handler | open_code | src/lib/api.ts |
| negative | legacy-generic-and-test-boundaries | absent |
| sink | getTransport.call:acp_prompt | src/lib/api.ts |
| source | claude_code | blocks |
| source | cline | blocks |
| source | codex | blocks |
| source | gemini | blocks |
| source | hermes | blocks |
| source | open_claw | blocks |
| source | open_code | blocks |
