| adapter | poco-agent | poco-agent |
| edge | create_channel_task | create_channel_runtime_mcp_server.create_channel_task->ChannelRuntimeClient.create_task |
| edge | memory_search | create_memory_mcp_server.memory_search->MemoryClient.create_memories |
| edge | memory_search | create_memory_mcp_server.memory_search->MemoryClient.search_memories |
| edge | stage_channel_artifact_to_workspace | create_channel_runtime_mcp_server.stage_channel_artifact_to_workspace->ChannelRuntimeClient.download_artifact |
| filter | content | 25:admission |
| filter | role | 25:admission |
| flow | create_channel_task | post:json |
| flow | memory_search | request:json |
| flow | stage_channel_artifact_to_workspace | post:json |
| handler | create_channel_task | create_channel_runtime_mcp_server.create_channel_task |
| handler | memory_search | create_memory_mcp_server.memory_search |
| handler | stage_channel_artifact_to_workspace | create_channel_runtime_mcp_server.stage_channel_artifact_to_workspace |
| role | post | rpc-payload |
| role | request | rpc-payload |
| sink | post | executor/app/core/channel_runtime.py |
| sink | request | executor/app/core/memory.py |
| source | create_channel_task | args |
| source | memory_search | args |
| source | stage_channel_artifact_to_workspace | args |
