| adapter | droidclaw | droidclaw-ts |
| chain | clipboard_set | executeClipboardSet |
| chain | compose_email | composeEmail |
| chain | copy_visible_text | copyVisibleText |
| chain | find_and_tap | findAndTap |
| chain | keyevent | executeKeyevent |
| chain | launch | executeLaunch |
| chain | longpress | executeLongPress |
| chain | open_settings | executeOpenSettings |
| chain | open_url | executeOpenUrl |
| chain | paste | executePaste |
| chain | pull_file | executePullFile |
| chain | push_file | executePushFile |
| chain | screenshot | executeScreenshot |
| chain | scroll | executeScroll |
| chain | shell | executeShell |
| chain | swipe | executeSwipe |
| chain | switch_app | executeSwitchApp |
| chain | tap | executeTap |
| chain | type | executeType |
| filter | copy_visible_text | 25:copyVisibleText |
| filter | copy_visible_text | 31:copyVisibleText |
| filter | find_and_tap | 40:findAndTap |
| gate | clipboard_set | 99:executeClipboardSet |
| gate | compose_email | 54:composeEmail |
| gate | copy_visible_text | 34:copyVisibleText |
| gate | find_and_tap | 46:findAndTap |
| gate | find_and_tap | 49:findAndTap |
| gate | keyevent | 138:executeKeyevent |
| gate | longpress | 87:executeLongPress |
| gate | open_settings | 144:executeOpenSettings |
| gate | open_url | 114:executeOpenUrl |
| gate | pull_file | 125:executePullFile |
| gate | push_file | 133:executePushFile |
| gate | shell | 108:executeShell |
| gate | switch_app | 119:executeSwitchApp |
| gate | tap | 68:executeTap |
| gate | type | 73:executeType |
| handler | clipboard_set | literal-action-case:clipboard_set |
| handler | compose_email | literal-skill-case:compose_email |
| handler | copy_visible_text | literal-skill-case:copy_visible_text |
| handler | done | literal-action-case:done |
| handler | find_and_tap | literal-skill-case:find_and_tap |
| handler | keyevent | literal-action-case:keyevent |
| handler | launch | literal-action-case:launch |
| handler | longpress | literal-action-case:longpress |
| handler | open_settings | literal-action-case:open_settings |
| handler | open_url | literal-action-case:open_url |
| handler | paste | literal-action-case:paste |
| handler | pull_file | literal-action-case:pull_file |
| handler | push_file | literal-action-case:push_file |
| handler | screenshot | literal-action-case:screenshot |
| handler | scroll | literal-action-case:scroll |
| handler | shell | literal-action-case:shell |
| handler | swipe | literal-action-case:swipe |
| handler | switch_app | literal-action-case:switch_app |
| handler | tap | literal-action-case:tap |
| handler | type | literal-action-case:type |
| negative | bun-spawn | absent |
| negative | done-chain | absent |
| negative | non-source-handlers | absent |
| sink | composeEmail | src/skills.ts |
| sink | copyVisibleText | src/skills.ts |
| sink | executeClipboardSet | src/actions.ts |
| sink | executeKeyevent | src/actions.ts |
| sink | executeLaunch | src/actions.ts |
| sink | executeLongPress | src/actions.ts |
| sink | executeOpenSettings | src/actions.ts |
| sink | executeOpenUrl | src/actions.ts |
| sink | executePaste | src/actions.ts |
| sink | executePullFile | src/actions.ts |
| sink | executePushFile | src/actions.ts |
| sink | executeScreenshot | src/actions.ts |
| sink | executeScroll | src/actions.ts |
| sink | executeShell | src/actions.ts |
| sink | executeSwipe | src/actions.ts |
| sink | executeSwitchApp | src/actions.ts |
| sink | executeTap | src/actions.ts |
| sink | executeType | src/actions.ts |
| sink | findAndTap | src/skills.ts |
| source | clipboard_set | action |
| source | compose_email | decision |
| source | copy_visible_text | decision |
| source | done | action |
| source | find_and_tap | decision |
| source | keyevent | action |
| source | launch | action |
| source | longpress | action |
| source | open_settings | action |
| source | open_url | action |
| source | paste | action |
| source | pull_file | action |
| source | push_file | action |
| source | screenshot | action |
| source | scroll | action |
| source | shell | action |
| source | swipe | action |
| source | switch_app | action |
| source | tap | action |
| source | type | action |
| transform | clipboard_set | 100:executeClipboardSet |
| transform | pull_file | 126:executePullFile |
| transform | type | 74:executeType |
