| adapter | lettabot | lettabot-ts |
| boundary | Bash | sdk-default-tool-boundary:src/core/session-manager.ts |
| boundary | Edit | sdk-default-tool-boundary:src/core/session-manager.ts |
| boundary | Glob | sdk-default-tool-boundary:src/core/session-manager.ts |
| boundary | Grep | sdk-default-tool-boundary:src/core/session-manager.ts |
| boundary | Read | sdk-default-tool-boundary:src/core/session-manager.ts |
| boundary | Task | sdk-default-tool-boundary:src/core/session-manager.ts |
| boundary | Write | sdk-default-tool-boundary:src/core/session-manager.ts |
| boundary | conversation_search | sdk-default-tool-boundary:src/core/session-manager.ts |
| boundary | web_search | sdk-default-tool-boundary:src/core/session-manager.ts |
| chain | Bash | bash@Bash.ts->Bash@Bash.ts:20 |
| chain | Bash | bash@Bash.ts->Bash@Bash.ts:22 |
| chain | Edit | edit@Edit.ts->Edit@Edit.ts:27 |
| chain | Glob | glob@Glob.ts->Glob@Glob.ts:19 |
| chain | Grep | grep@Grep.ts->Grep@Grep.ts:17 |
| chain | Read | read@Read.ts->Read@Read.ts:23 |
| chain | Read | read@Read.ts->Read@Read.ts:28 |
| chain | Task | task@Task.ts->Task@Task.ts:50 |
| chain | Task | task@Task.ts->Task@Task.ts:57 |
| chain | Write | write@Write.ts->Write@Write.ts:13 |
| chain | manage_todo | execute@todo.ts->addTodo@store.ts->saveStore@store.ts->writeFileSync:todo-store@store.ts:8 |
| chain | manage_todo | execute@todo.ts->completeTodo@store.ts->saveStore@store.ts->writeFileSync:todo-store@store.ts:8 |
| chain | manage_todo | execute@todo.ts->removeTodo@store.ts->saveStore@store.ts->writeFileSync:todo-store@store.ts:8 |
| chain | manage_todo | execute@todo.ts->reopenTodo@store.ts->saveStore@store.ts->writeFileSync:todo-store@store.ts:8 |
| chain | manage_todo | execute@todo.ts->snoozeTodo@store.ts->saveStore@store.ts->writeFileSync:todo-store@store.ts:8 |
| gate | Bash | validateRequiredParams:bash:vendor-source/letta-code-v0.19.5/src/tools/impl/Bash.ts:15:Bash |
| gate | Edit | validateOldStringNonempty:edit:vendor-source/letta-code-v0.19.5/src/tools/impl/Edit.ts:16:Edit |
| gate | Edit | validateReplacementChanges:edit:vendor-source/letta-code-v0.19.5/src/tools/impl/Edit.ts:19:Edit |
| gate | Edit | validateRequiredParams:edit:vendor-source/letta-code-v0.19.5/src/tools/impl/Edit.ts:12:Edit |
| gate | Glob | validateNonemptyPattern:glob:vendor-source/letta-code-v0.19.5/src/tools/impl/Glob.ts:15:Glob |
| gate | Glob | validateRequiredParams:glob:vendor-source/letta-code-v0.19.5/src/tools/impl/Glob.ts:13:Glob |
| gate | Grep | validateRequiredParams:grep:vendor-source/letta-code-v0.19.5/src/tools/impl/Grep.ts:14:Grep |
| gate | Read | isBinaryFile:read:vendor-source/letta-code-v0.19.5/src/tools/impl/Read.ts:25:Read |
| gate | Read | validateRequiredParams:read:vendor-source/letta-code-v0.19.5/src/tools/impl/Read.ts:19:Read |
| gate | Task | has:task:vendor-source/letta-code-v0.19.5/src/tools/impl/Task.ts:46:Task |
| gate | Task | validateConfiguredSubagentType:task:vendor-source/letta-code-v0.19.5/src/tools/impl/Task.ts:43:Task |
| gate | Task | validateRequiredParams:task:vendor-source/letta-code-v0.19.5/src/tools/impl/Task.ts:35:Task |
| gate | Task | validateRequiredParams:task:vendor-source/letta-code-v0.19.5/src/tools/impl/Task.ts:37:Task |
| gate | Write | validateRequiredParams:write:vendor-source/letta-code-v0.19.5/src/tools/impl/Write.ts:10:Write |
| gate | manage_todo | findTodoIndex:completeTodo:src/todo/store.ts:32:writeFileSync:todo-store |
| gate | manage_todo | findTodoIndex:removeTodo:src/todo/store.ts:44:writeFileSync:todo-store |
| gate | manage_todo | findTodoIndex:reopenTodo:src/todo/store.ts:38:writeFileSync:todo-store |
| gate | manage_todo | findTodoIndex:snoozeTodo:src/todo/store.ts:50:writeFileSync:todo-store |
| gate | manage_todo | parseDateOrThrow:snoozeTodo:src/todo/store.ts:51:writeFileSync:todo-store |
| gate | manage_todo | readStringParam:execute:src/tools/todo.ts:18:writeFileSync:todo-store |
| gate | manage_todo | validateNonemptyTodoText:addTodo:src/todo/store.ts:25:writeFileSync:todo-store |
| handler | Bash | allowed-vendored-letta-code-tool:0.19.5:vendor-source/letta-code-v0.19.5/src/tools/impl/Bash.ts |
| handler | Edit | allowed-vendored-letta-code-tool:0.19.5:vendor-source/letta-code-v0.19.5/src/tools/impl/Edit.ts |
| handler | Glob | allowed-vendored-letta-code-tool:0.19.5:vendor-source/letta-code-v0.19.5/src/tools/impl/Glob.ts |
| handler | Grep | allowed-vendored-letta-code-tool:0.19.5:vendor-source/letta-code-v0.19.5/src/tools/impl/Grep.ts |
| handler | Read | allowed-vendored-letta-code-tool:0.19.5:vendor-source/letta-code-v0.19.5/src/tools/impl/Read.ts |
| handler | Task | allowed-vendored-letta-code-tool:0.19.5:vendor-source/letta-code-v0.19.5/src/tools/impl/Task.ts |
| handler | Write | allowed-vendored-letta-code-tool:0.19.5:vendor-source/letta-code-v0.19.5/src/tools/impl/Write.ts |
| handler | manage_todo | session-registered-local-tool:src/tools/todo.ts |
| negative | approved-transform | absent |
| shared-sink | non-handler-store | fs-primitives-detected |
| sink | Bash | vendor-source/letta-code-v0.19.5/src/tools/impl/Bash.ts:20 |
| sink | Bash | vendor-source/letta-code-v0.19.5/src/tools/impl/Bash.ts:22 |
| sink | Edit | vendor-source/letta-code-v0.19.5/src/tools/impl/Edit.ts:27 |
| sink | Glob | vendor-source/letta-code-v0.19.5/src/tools/impl/Glob.ts:19 |
| sink | Grep | vendor-source/letta-code-v0.19.5/src/tools/impl/Grep.ts:17 |
| sink | Read | vendor-source/letta-code-v0.19.5/src/tools/impl/Read.ts:23 |
| sink | Read | vendor-source/letta-code-v0.19.5/src/tools/impl/Read.ts:28 |
| sink | Task | vendor-source/letta-code-v0.19.5/src/tools/impl/Task.ts:50 |
| sink | Task | vendor-source/letta-code-v0.19.5/src/tools/impl/Task.ts:57 |
| sink | Write | vendor-source/letta-code-v0.19.5/src/tools/impl/Write.ts:13 |
| sink | readFileSync | src/cron/cli.ts:3 |
| sink | readFileSync:todo-store | src/todo/store.ts:4 |
| sink | writeFileSync | src/cron/cli.ts:4 |
| sink | writeFileSync:todo-store | src/todo/store.ts:8 |
| source | Bash | args:vendor-source/letta-code-v0.19.5/src/tools/impl/Bash.ts |
| source | Edit | args:vendor-source/letta-code-v0.19.5/src/tools/impl/Edit.ts |
| source | Glob | args:vendor-source/letta-code-v0.19.5/src/tools/impl/Glob.ts |
| source | Grep | args:vendor-source/letta-code-v0.19.5/src/tools/impl/Grep.ts |
| source | Read | args:vendor-source/letta-code-v0.19.5/src/tools/impl/Read.ts |
| source | Task | args:vendor-source/letta-code-v0.19.5/src/tools/impl/Task.ts |
| source | Write | args:vendor-source/letta-code-v0.19.5/src/tools/impl/Write.ts |
| source | manage_todo | args:src/tools/todo.ts |
| transform-review | replace | generic-transform:needs-review |
| transform-review | resolve | generic-transform:needs-review |
