| adapter | nanoclaw | nanoclaw-ts |
| boundary | Bash | sdk-default-tool-boundary:container/agent-runner/src/providers/claude.ts |
| boundary | Edit | sdk-default-tool-boundary:container/agent-runner/src/providers/claude.ts |
| boundary | Glob | sdk-default-tool-boundary:container/agent-runner/src/providers/claude.ts |
| boundary | Grep | sdk-default-tool-boundary:container/agent-runner/src/providers/claude.ts |
| boundary | NotebookEdit | sdk-default-tool-boundary:container/agent-runner/src/providers/claude.ts |
| boundary | Read | sdk-default-tool-boundary:container/agent-runner/src/providers/claude.ts |
| boundary | SendMessage | sdk-default-tool-boundary:container/agent-runner/src/providers/claude.ts |
| boundary | Skill | sdk-default-tool-boundary:container/agent-runner/src/providers/claude.ts |
| boundary | Task | sdk-default-tool-boundary:container/agent-runner/src/providers/claude.ts |
| boundary | TaskOutput | sdk-default-tool-boundary:container/agent-runner/src/providers/claude.ts |
| boundary | TaskStop | sdk-default-tool-boundary:container/agent-runner/src/providers/claude.ts |
| boundary | TeamCreate | sdk-default-tool-boundary:container/agent-runner/src/providers/claude.ts |
| boundary | TeamDelete | sdk-default-tool-boundary:container/agent-runner/src/providers/claude.ts |
| boundary | TodoWrite | sdk-default-tool-boundary:container/agent-runner/src/providers/claude.ts |
| boundary | ToolSearch | sdk-default-tool-boundary:container/agent-runner/src/providers/claude.ts |
| boundary | WebFetch | sdk-default-tool-boundary:container/agent-runner/src/providers/claude.ts |
| boundary | WebSearch | sdk-default-tool-boundary:container/agent-runner/src/providers/claude.ts |
| boundary | Write | sdk-default-tool-boundary:container/agent-runner/src/providers/claude.ts |
| boundary | mcp__<configured-server>__* | dynamic-external-mcp-namespace-boundary:container/agent-runner/src/providers/claude.ts |
| chain | add_mcp_server | Statement.run:container_configs |
| chain | add_mcp_server | Statement.run:pending_approvals |
| chain | add_mcp_server | adapter.deliver:approval-card |
| chain | add_mcp_server | add_mcp_server |
| chain | add_reaction | add_reaction |
| chain | ask_user_question | ask_user_question |
| chain | cancel_task | cancel_task |
| chain | create_agent | create_agent |
| chain | edit_message | edit_message |
| chain | install_packages | install_packages |
| chain | list_tasks | list_tasks |
| chain | pause_task | pause_task |
| chain | resume_task | resume_task |
| chain | schedule_task | schedule_task |
| chain | send_card | send_card |
| chain | send_file | copyFileSync |
| chain | send_file | send_file |
| chain | send_message | send_message |
| chain | update_task | update_task |
| handler | add_mcp_server | container/agent-runner/src/mcp-tools/self-mod.ts |
| handler | add_mcp_server | container/agent-runner/src/mcp-tools/wrong-action.ts |
| handler | add_reaction | container/agent-runner/src/mcp-tools/core.ts |
| handler | ask_user_question | container/agent-runner/src/mcp-tools/core.ts |
| handler | cancel_task | container/agent-runner/src/mcp-tools/core.ts |
| handler | create_agent | container/agent-runner/src/mcp-tools/core.ts |
| handler | edit_message | container/agent-runner/src/mcp-tools/core.ts |
| handler | install_packages | container/agent-runner/src/mcp-tools/self-mod.ts |
| handler | list_tasks | container/agent-runner/src/mcp-tools/core.ts |
| handler | pause_task | container/agent-runner/src/mcp-tools/core.ts |
| handler | resume_task | container/agent-runner/src/mcp-tools/core.ts |
| handler | schedule_task | container/agent-runner/src/mcp-tools/core.ts |
| handler | send_card | container/agent-runner/src/mcp-tools/core.ts |
| handler | send_file | container/agent-runner/src/mcp-tools/core.ts |
| handler | send_file | container/agent-runner/src/mcp-tools/wrong-kind.ts |
| handler | send_message | container/agent-runner/src/mcp-tools/core.ts |
| handler | update_task | container/agent-runner/src/mcp-tools/core.ts |
| inventory | add_mcp_server | registered-mcp-object:addMcpServer |
| inventory | add_mcp_server | registered-mcp-object:wrongAction |
| inventory | add_reaction | registered-mcp-object:addReaction |
| inventory | ask_user_question | registered-mcp-object:askUserQuestion |
| inventory | cancel_task | registered-mcp-object:cancelTask |
| inventory | create_agent | registered-mcp-object:createAgent |
| inventory | edit_message | registered-mcp-object:editMessage |
| inventory | install_packages | registered-mcp-object:installPackages |
| inventory | list_tasks | registered-mcp-object:listTasks |
| inventory | pause_task | registered-mcp-object:pauseTask |
| inventory | resume_task | registered-mcp-object:resumeTask |
| inventory | schedule_task | registered-mcp-object:scheduleTask |
| inventory | send_card | registered-mcp-object:sendCard |
| inventory | send_file | registered-mcp-object:sendFile |
| inventory | send_file | registered-mcp-object:wrongKind |
| inventory | send_message | registered-mcp-object:sendMessage |
| inventory | update_task | registered-mcp-object:updateTask |
| negative | strict-registration-boundary-action-sql-kind-source-inventory | absent |
| sink | Statement.run:container_configs | src/db/container-configs.ts |
| sink | Statement.run:pending_approvals | src/db/sessions.ts |
| sink | adapter.deliver:approval-card | src/modules/approvals/primitive.ts |
| sink | add_mcp_server | container/agent-runner/src/mcp-tools/self-mod.ts |
| sink | add_reaction | container/agent-runner/src/mcp-tools/core.ts |
| sink | ask_user_question | container/agent-runner/src/mcp-tools/core.ts |
| sink | cancel_task | container/agent-runner/src/mcp-tools/core.ts |
| sink | copyFileSync | container/agent-runner/src/mcp-tools/core.ts |
| sink | copyFileSync | src/copy-signature.ts |
| sink | copyFileSync | src/modules/agent-to-agent/agent-route.ts |
| sink | create_agent | container/agent-runner/src/mcp-tools/core.ts |
| sink | edit_message | container/agent-runner/src/mcp-tools/core.ts |
| sink | install_packages | container/agent-runner/src/mcp-tools/self-mod.ts |
| sink | list_tasks | container/agent-runner/src/mcp-tools/core.ts |
| sink | pause_task | container/agent-runner/src/mcp-tools/core.ts |
| sink | resume_task | container/agent-runner/src/mcp-tools/core.ts |
| sink | schedule_task | container/agent-runner/src/mcp-tools/core.ts |
| sink | send_card | container/agent-runner/src/mcp-tools/core.ts |
| sink | send_file | container/agent-runner/src/mcp-tools/core.ts |
| sink | send_message | container/agent-runner/src/mcp-tools/core.ts |
| sink | update_task | container/agent-runner/src/mcp-tools/core.ts |
