| flow | _post | post | rpc-payload | body |
| flow | _request | request | rpc-payload | json |
| flow | _request | request | url | path |
| flow | asyncio_process_controls | create_subprocess_exec | argument | command |
| flow | asyncio_process_controls | create_subprocess_exec | argument | cwd |
| flow | asyncio_process_controls | create_subprocess_exec | argument | env |
| flow | asyncio_process_controls | create_subprocess_shell | argument | command |
| flow | asyncio_process_controls | create_subprocess_shell | argument | cwd |
| flow | asyncio_process_controls | create_subprocess_shell | argument | env |
| flow | browser_dispatch_sensitive | _run_browser_command | argument | expression |
| flow | browser_dispatch_sensitive | _run_browser_command | argument | session |
| flow | browser_dispatch_sensitive | _run_browser_command | url | url |
| flow | builtin_open_sensitive | open | argument | path |
| flow | check_all_command_guards | prompt_dangerous_approval | argument | command |
| flow | delivery_sensitive | post | argument | payload |
| flow | delivery_sensitive | put | argument | payload |
| flow | eval_sensitive | eval | argument | code |
| flow | exa_sensitive | get_contents | url | urls |
| flow | execute_code_sensitive | execute_code | argument | code |
| flow | firecrawl_sensitive | to_thread | url | url |
| flow | git_loader_sensitive | GitLoader | argument | clone_url |
| flow | git_loader_sensitive | GitLoader | argument | repo_path |
| flow | keyword_post_url | post | url | url |
| flow | keyword_request_url | request | url | url |
| flow | matrix_sensitive | send_message_event | argument | content |
| flow | mattermost_sensitive | _api_post | argument | payload |
| flow | non_http_argument | run | argument | command |
| flow | parallel_sensitive | extract | url | urls |
| flow | positional_get_url | get | url | url |
| flow | positional_post_url | post | url | url |
| flow | positional_request_url | request | url | url |
| flow | process_controls | Popen | argument | command |
| flow | process_controls | Popen | argument | cwd |
| flow | process_controls | Popen | argument | env |
| flow | process_controls | run | argument | command |
| flow | process_controls | run | argument | cwd |
| flow | process_controls | run | argument | env |
| flow | receiver_sensitive | read_text | receiver | path |
| flow | slack_sensitive | chat_postMessage | argument | kwargs |
| node | _post | post | rpc-payload | body |
| node | _post | post | url | http://fixed-camofox.example/tabs |
| node | _request | request | rpc-payload | json |
| node | _request | request | url | Fstring |
| node | asyncio_process_controls | create_subprocess_exec | argument | -c |
| node | asyncio_process_controls | create_subprocess_exec | argument | command |
| node | asyncio_process_controls | create_subprocess_exec | argument | cwd |
| node | asyncio_process_controls | create_subprocess_exec | argument | env |
| node | asyncio_process_controls | create_subprocess_exec | argument | sh |
| node | asyncio_process_controls | create_subprocess_shell | argument | command |
| node | asyncio_process_controls | create_subprocess_shell | argument | cwd |
| node | asyncio_process_controls | create_subprocess_shell | argument | env |
| node | browser_dispatch_fixed | _run_browser_command | argument | List |
| node | browser_dispatch_fixed | _run_browser_command | url | List |
| node | browser_dispatch_sensitive | _run_browser_command | argument | List |
| node | browser_dispatch_sensitive | _run_browser_command | argument | session |
| node | browser_dispatch_sensitive | _run_browser_command | url | List |
| node | builtin_open_sensitive | open | argument | path |
| node | check_all_command_guards | prompt_dangerous_approval | argument | command |
| node | delivery_sensitive | post | argument | payload |
| node | delivery_sensitive | put | argument | payload |
| node | eval_sensitive | eval | argument | code |
| node | exa_sensitive | get_contents | url | urls |
| node | execute_code_sensitive | execute_code | argument | code |
| node | firecrawl_sensitive | to_thread | url | url |
| node | fixed_url_tainted_body | post | url | https://fixed.example/v1 |
| node | git_loader_sensitive | GitLoader | argument | clone_url |
| node | git_loader_sensitive | GitLoader | argument | repo_path |
| node | keyword_post_url | post | url | url |
| node | keyword_request_url | request | url | url |
| node | matrix_sensitive | send_message_event | argument | content |
| node | mattermost_sensitive | _api_post | argument | payload |
| node | non_http_argument | run | argument | command |
| node | parallel_sensitive | extract | url | urls |
| node | positional_get_url | get | url | url |
| node | positional_post_url | post | url | url |
| node | positional_request_url | request | url | url |
| node | process_controls | Popen | argument | command |
| node | process_controls | Popen | argument | cwd |
| node | process_controls | Popen | argument | env |
| node | process_controls | run | argument | command |
| node | process_controls | run | argument | cwd |
| node | process_controls | run | argument | env |
| node | receiver_sensitive | read_text | receiver | path |
| node | slack_sensitive | chat_postMessage | argument | kwargs |
