| adapter | openclaw-cn | openclaw-cn-ts |
| field-bridge | media-to-feishu-url | exact |
| filter-isolation | openclaw-only-signatures | absent |
| handler-summary | 28-rows | 25-names |
| identity | mutually-exclusive | accepted |
| shared-sink | non-handler-fetch | detected |
| sink | CDP.Target.createTarget | browser-navigation |
| sink | callGatewayTool:node.invoke | rpc-node-invoke |
| sink | child_process.spawn:node-host | process-spawn |
| sink | fetch | network-egress |
| sink | fetch:/json/new | browser-navigation |
| sink | fetch:feishu-media | network-egress |
| sink | fs.writeFile:apply-patch | file-write |
| sink | locator.click | browser-interaction |
| sink | locator.dblclick | browser-interaction |
| sink | locator.evaluate | code-eval |
| sink | node-pty.spawn | process-spawn |
| sink | page.evaluate | code-eval |
| sink | page.goto | browser-navigation |
| sink | runMessageAction | delivery |
| sink | spawnImpl | process-spawn |
| sink-summary | 18-calls | strict-shapes |
