| adapter | openclaw | openclaw-ts |
| chain | apply_patch | rm |
| chain | apply_patch | writeFile |
| chain | browser | proxyRequest:/tabs/open |
| chain | canvas | readFile |
| chain | edit | tool.execute |
| chain | exec | callGatewayTool:node.invoke |
| chain | exec | child_process.spawn:node-host |
| chain | exec | spawn |
| chain | image | Response.text |
| chain | message | runMessageAction |
| chain | nodes | callGatewayTool:node.invoke |
| chain | nodes | child_process.spawn:node-host |
| chain | read | base.execute |
| chain | read | tool.execute |
| chain | web_search | fetch |
| chain | write | tool.execute |
| filter-isolation | openclaw-cn-only-signatures | absent |
| gate | assertAllowed | source-tainted-dominance |
| handler | apply_patch | src/agents/apply-patch.ts |
| handler | browser | src/agents/tools/browser-tool.ts |
| handler | canvas | src/agents/tools/canvas-tool.ts |
| handler | edit | src/agents/pi-tools.read.ts |
| handler | exec | src/agents/bash-tools.exec.ts |
| handler | image | src/agents/tools/image-tool.ts |
| handler | message | src/agents/tools/message-tool.ts |
| handler | nodes | src/agents/tools/nodes-tool.ts |
| handler | read | src/agents/pi-tools.read.ts |
| handler | web_search | src/agents/tools/web-search.ts |
| handler | write | src/agents/pi-tools.read.ts |
| negative | excluded-execute-forms | absent |
